
> cartella-clinica@0.1.0 build
> next build

node.exe : Ô¿» Unable to acquire lock at 
C:\Users\crist\cartella-clinica\.next\lock, is another instance of 
next build running?
In riga:1 car:1
+ & "C:\Program Files\nodejs/node.exe" "C:\Program 
Files\nodejs/node_mo ...
+ ~~~~~~~~~~~~~~~~~~~~~~~~~~~~~~~~~~~~~~~~~~~~~~~~~~~~~~~~~~~~~~~~~~~~~
    + CategoryInfo          : NotSpecified: (Ô¿» Unable to a... build  
   running?:String) [], RemoteException
    + FullyQualifiedErrorId : NativeCommandError
 
  Suggestion: If you intended to restart next build, terminate the other process, and then try again.
